------------------------------------------------------------
Timing Analyzer Summary
------------------------------------------------------------

Type  : Slow 1200mV 85C Model Setup 'MAX10_CLK1_50'
Slack : -19.955
TNS   : -3152.229

Type  : Slow 1200mV 85C Model Hold 'MAX10_CLK1_50'
Slack : 0.340
TNS   : 0.000

Type  : Slow 1200mV 85C Model Minimum Pulse Width 'MAX10_CLK1_50'
Slack : -3.000
TNS   : -495.453

Type  : Slow 1200mV 0C Model Setup 'MAX10_CLK1_50'
Slack : -18.096
TNS   : -2888.549

Type  : Slow 1200mV 0C Model Hold 'MAX10_CLK1_50'
Slack : 0.306
TNS   : 0.000

Type  : Slow 1200mV 0C Model Minimum Pulse Width 'MAX10_CLK1_50'
Slack : -3.000
TNS   : -495.453

Type  : Fast 1200mV 0C Model Setup 'MAX10_CLK1_50'
Slack : -7.808
TNS   : -1218.752

Type  : Fast 1200mV 0C Model Hold 'MAX10_CLK1_50'
Slack : 0.148
TNS   : 0.000

Type  : Fast 1200mV 0C Model Minimum Pulse Width 'MAX10_CLK1_50'
Slack : -3.000
TNS   : -365.718

------------------------------------------------------------
